// Jest Snapshot v1, https://goo.gl/fbAQLP

exports[`Feature component tests <Feature /> renders correctly 1`] = `
<Segment
  style={
    Object {
      'padding': '8em 0em',
    }
  }
  vertical={true}
>
  <Grid
    container={true}
    stackable={true}
    verticalAlign='middle'
  >
    <GridRow>
      <GridColumn
        width={8}
      >
        <Header
          as='h3'
          style={
            Object {
              'fontSize': '2em',
            }
          }
        >
          Lorem ipsum dolor sit, amet consectetur adipisicing elit
        </Header>
        <p
          style={
            Object {
              'fontSize': '1.33em',
            }
          }
        >
          Lorem ipsum dolor sit, amet consectetur adipisicing elit. Blanditiis, saepe sapiente qui natus voluptates itaque quaerat magnam recusandae aliquid ut asperiores.
        </p>
        <Header
          as='h3'
          style={
            Object {
              'fontSize': '2em',
            }
          }
        >
          Lorem ipsum dolor sit, amet consectetur adipisicing elit
        </Header>
        <p
          style={
            Object {
              'fontSize': '1.33em',
            }
          }
        >
          Lorem ipsum dolor sit, amet consectetur adipisicing elit. Blanditiis, saepe sapiente qui natus voluptates itaque quaerat magnam recusandae.
        </p>
      </GridColumn>
      <GridColumn
        floated='right'
        width={6}
      >
        <Image
          as='img'
          bordered={true}
          rounded={true}
          size='large'
          src='http://via.placeholder.com/700x550'
          ui={true}
        />
      </GridColumn>
    </GridRow>
  </Grid>
</Segment>
`;
