// Jest Snapshot v1, https://goo.gl/fbAQLP

exports[`<Hero /> renders correctly 1`] = `
<div
  className="hero-container"
>
  <h1>
    Home page title
  </h1>
  <button>
    <NavLink
      activeClassName="current"
      ariaCurrent="true"
      to="/signup"
    >
      Get Started
    </NavLink>
  </button>
</div>
`;
